// Jest Snapshot v1, https://goo.gl/fbAQLP

exports[`Check if Calculator page renders correctly 1`] = `
<div
  className="container"
>
  <h2
    className="text"
  >
    Lets do some math!
  </h2>
  <div
    className="calculator"
  >
    <div
      className="display"
    >
       
       
    </div>
    <div
      className="row"
    >
      <div
        className="number"
        onClick={[Function]}
        onKeyDown={[Function]}
        role="button"
        tabIndex="0"
      >
        AC
      </div>
      <div
        className="number"
        onClick={[Function]}
        onKeyDown={[Function]}
        role="button"
        tabIndex="0"
      >
        +/-
      </div>
      <div
        className="number"
        onClick={[Function]}
        onKeyDown={[Function]}
        role="button"
        tabIndex="0"
      >
        %
      </div>
      <div
        className="symbol"
        onClick={[Function]}
        onKeyDown={[Function]}
        role="button"
        tabIndex="0"
      >
        รท
      </div>
    </div>
    <div
      className="row"
    >
      <div
        className="number"
        onClick={[Function]}
        onKeyDown={[Function]}
        role="button"
        tabIndex="0"
      >
        7
      </div>
      <div
        className="number"
        onClick={[Function]}
        onKeyDown={[Function]}
        role="button"
        tabIndex="0"
      >
        8
      </div>
      <div
        className="number"
        onClick={[Function]}
        onKeyDown={[Function]}
        role="button"
        tabIndex="0"
      >
        9
      </div>
      <div
        className="symbol"
        onClick={[Function]}
        onKeyDown={[Function]}
        role="button"
        tabIndex="0"
      >
        x
      </div>
    </div>
    <div
      className="row"
    >
      <div
        className="number"
        onClick={[Function]}
        onKeyDown={[Function]}
        role="button"
        tabIndex="0"
      >
        4
      </div>
      <div
        className="number"
        onClick={[Function]}
        onKeyDown={[Function]}
        role="button"
        tabIndex="0"
      >
        5
      </div>
      <div
        className="number"
        onClick={[Function]}
        onKeyDown={[Function]}
        role="button"
        tabIndex="0"
      >
        6
      </div>
      <div
        className="symbol"
        onClick={[Function]}
        onKeyDown={[Function]}
        role="button"
        tabIndex="0"
      >
        -
      </div>
    </div>
    <div
      className="row"
    >
      <div
        className="number"
        onClick={[Function]}
        onKeyDown={[Function]}
        role="button"
        tabIndex="0"
      >
        1
      </div>
      <div
        className="number"
        onClick={[Function]}
        onKeyDown={[Function]}
        role="button"
        tabIndex="0"
      >
        2
      </div>
      <div
        className="number"
        onClick={[Function]}
        onKeyDown={[Function]}
        role="button"
        tabIndex="0"
      >
        3
      </div>
      <div
        className="symbol"
        onClick={[Function]}
        onKeyDown={[Function]}
        role="button"
        tabIndex="0"
      >
        +
      </div>
    </div>
    <div
      className="row"
    >
      <div
        className="row"
      >
        <div
          className="special"
          onClick={[Function]}
          onKeyDown={[Function]}
          role="button"
          tabIndex="0"
        >
          0
        </div>
      </div>
      <div
        className="row"
      >
        <div
          className="number"
          onClick={[Function]}
          onKeyDown={[Function]}
          role="button"
          tabIndex="0"
        >
          .
        </div>
        <div
          className="symbol"
          onClick={[Function]}
          onKeyDown={[Function]}
          role="button"
          tabIndex="0"
        >
          =
        </div>
      </div>
    </div>
  </div>
</div>
`;

exports[`Check if Quotes page renders correctly 1`] = `
<div
  className="quotes"
>
  <p
    className="quote-p"
  >
    If I were again beginning my studies, I would follow the advice of Plato and start with mathematics. - Galileo Galilei
  </p>
</div>
`;
