// Jest Snapshot v1, https://goo.gl/fbAQLP

exports[`Check if Navbar page renders correctly 1`] = `
<nav
  className="navbar"
>
  <h1
    className="header"
  >
    Math Magicians
  </h1>
  <ul
    className="ul-links"
  >
    <li
      className="li-links"
    >
      <a
        activeClassName="active-link"
        aria-current="page"
        className="links active"
        exact={true}
        href="/"
        onClick={[Function]}
      >
        Home
      </a>
    </li>
    <li
      className="li-links"
    >
      <a
        activeClassName="active-link"
        className="links"
        exact={true}
        href="/calculator"
        onClick={[Function]}
      >
        Calculator
      </a>
    </li>
    <li
      className="li-links"
    >
      <a
        activeClassName="active-link"
        className="links"
        exact={true}
        href="/quotes"
        onClick={[Function]}
      >
        Quotes
      </a>
    </li>
  </ul>
</nav>
`;
